// Vitest Snapshot v1, https://vitest.dev/guide/snapshot.html

exports[`snapshot test 1`] = `
{
  "Outputs": {
    "webapiEndpoint3B3FAFEB": {
      "Value": {
        "Fn::Join": [
          "",
          [
            "https://",
            {
              "Ref": "webapiFE47F609",
            },
            ".execute-api.",
            {
              "Ref": "AWS::Region",
            },
            ".",
            {
              "Ref": "AWS::URLSuffix",
            },
            "/",
            {
              "Ref": "webapiDeploymentStageprodB0DEAB38",
            },
            "/",
          ],
        ],
      },
    },
  },
  "Parameters": {
    "BootstrapVersion": {
      "Default": "/cdk-bootstrap/hnb659fds/version",
      "Description": "Version of the CDK Bootstrap resources in this environment, automatically retrieved from SSM Parameter Store. [cdk:skip]",
      "Type": "AWS::SSM::Parameter::Value<String>",
    },
  },
  "Resources": {
    "ApiBackendLambda8C1E1CC6": {
      "DependsOn": [
        "BackendLambdaRole563BEADE",
      ],
      "Properties": {
        "Code": {
          "S3Bucket": {
            "Fn::Sub": "cdk-hnb659fds-assets-\${AWS::AccountId}-\${AWS::Region}",
          },
          "S3Key": "HASH-REPLACED.zip",
        },
        "Environment": {
          "Variables": {
            "AWS_NODEJS_CONNECTION_REUSE_ENABLED": "1",
          },
        },
        "Handler": "index.handler",
        "MemorySize": 512,
        "Role": {
          "Fn::GetAtt": [
            "BackendLambdaRole563BEADE",
            "Arn",
          ],
        },
        "Runtime": "nodejs18.x",
        "Timeout": 30,
      },
      "Type": "AWS::Lambda::Function",
    },
    "BackendLambdaRole563BEADE": {
      "Properties": {
        "AssumeRolePolicyDocument": {
          "Statement": [
            {
              "Action": "sts:AssumeRole",
              "Effect": "Allow",
              "Principal": {
                "Service": "lambda.amazonaws.com",
              },
            },
          ],
          "Version": "2012-10-17",
        },
      },
      "Type": "AWS::IAM::Role",
    },
    "webapiAccount1B71C2D2": {
      "DeletionPolicy": "Retain",
      "DependsOn": [
        "webapiFE47F609",
      ],
      "Properties": {
        "CloudWatchRoleArn": {
          "Fn::GetAtt": [
            "webapiCloudWatchRole64394164",
            "Arn",
          ],
        },
      },
      "Type": "AWS::ApiGateway::Account",
      "UpdateReplacePolicy": "Retain",
    },
    "webapiCloudWatchRole64394164": {
      "DeletionPolicy": "Retain",
      "Properties": {
        "AssumeRolePolicyDocument": {
          "Statement": [
            {
              "Action": "sts:AssumeRole",
              "Effect": "Allow",
              "Principal": {
                "Service": "apigateway.amazonaws.com",
              },
            },
          ],
          "Version": "2012-10-17",
        },
        "ManagedPolicyArns": [
          {
            "Fn::Join": [
              "",
              [
                "arn:",
                {
                  "Ref": "AWS::Partition",
                },
                ":iam::aws:policy/service-role/AmazonAPIGatewayPushToCloudWatchLogs",
              ],
            ],
          },
        ],
      },
      "Type": "AWS::IAM::Role",
      "UpdateReplacePolicy": "Retain",
    },
    "webapiDeployment17CB50807e2537b0761363cdd6be225f044aa5e7": {
      "DependsOn": [
        "webapiproxyANY43102169",
        "webapiproxy467AA9A9",
      ],
      "Properties": {
        "Description": "Automatically created by the RestApi construct",
        "RestApiId": {
          "Ref": "webapiFE47F609",
        },
      },
      "Type": "AWS::ApiGateway::Deployment",
    },
    "webapiDeploymentStageprodB0DEAB38": {
      "DependsOn": [
        "webapiAccount1B71C2D2",
      ],
      "Properties": {
        "DeploymentId": {
          "Ref": "webapiDeployment17CB50807e2537b0761363cdd6be225f044aa5e7",
        },
        "RestApiId": {
          "Ref": "webapiFE47F609",
        },
        "StageName": "prod",
      },
      "Type": "AWS::ApiGateway::Stage",
    },
    "webapiFE47F609": {
      "Properties": {
        "Name": "webapi",
      },
      "Type": "AWS::ApiGateway::RestApi",
    },
    "webapiproxy467AA9A9": {
      "Properties": {
        "ParentId": {
          "Fn::GetAtt": [
            "webapiFE47F609",
            "RootResourceId",
          ],
        },
        "PathPart": "{proxy+}",
        "RestApiId": {
          "Ref": "webapiFE47F609",
        },
      },
      "Type": "AWS::ApiGateway::Resource",
    },
    "webapiproxyANY43102169": {
      "Properties": {
        "AuthorizationType": "NONE",
        "HttpMethod": "ANY",
        "Integration": {
          "IntegrationHttpMethod": "POST",
          "Type": "AWS_PROXY",
          "Uri": {
            "Fn::Join": [
              "",
              [
                "arn:",
                {
                  "Ref": "AWS::Partition",
                },
                ":apigateway:",
                {
                  "Ref": "AWS::Region",
                },
                ":lambda:path/2015-03-31/functions/",
                {
                  "Fn::GetAtt": [
                    "ApiBackendLambda8C1E1CC6",
                    "Arn",
                  ],
                },
                "/invocations",
              ],
            ],
          },
        },
        "ResourceId": {
          "Ref": "webapiproxy467AA9A9",
        },
        "RestApiId": {
          "Ref": "webapiFE47F609",
        },
      },
      "Type": "AWS::ApiGateway::Method",
    },
    "webapiproxyANYApiPermissionTestStackwebapi752F84DBANYproxy69F63C88": {
      "Properties": {
        "Action": "lambda:InvokeFunction",
        "FunctionName": {
          "Fn::GetAtt": [
            "ApiBackendLambda8C1E1CC6",
            "Arn",
          ],
        },
        "Principal": "apigateway.amazonaws.com",
        "SourceArn": {
          "Fn::Join": [
            "",
            [
              "arn:",
              {
                "Ref": "AWS::Partition",
              },
              ":execute-api:",
              {
                "Ref": "AWS::Region",
              },
              ":",
              {
                "Ref": "AWS::AccountId",
              },
              ":",
              {
                "Ref": "webapiFE47F609",
              },
              "/",
              {
                "Ref": "webapiDeploymentStageprodB0DEAB38",
              },
              "/*/*",
            ],
          ],
        },
      },
      "Type": "AWS::Lambda::Permission",
    },
    "webapiproxyANYApiPermissionTestTestStackwebapi752F84DBANYproxy9035F1CE": {
      "Properties": {
        "Action": "lambda:InvokeFunction",
        "FunctionName": {
          "Fn::GetAtt": [
            "ApiBackendLambda8C1E1CC6",
            "Arn",
          ],
        },
        "Principal": "apigateway.amazonaws.com",
        "SourceArn": {
          "Fn::Join": [
            "",
            [
              "arn:",
              {
                "Ref": "AWS::Partition",
              },
              ":execute-api:",
              {
                "Ref": "AWS::Region",
              },
              ":",
              {
                "Ref": "AWS::AccountId",
              },
              ":",
              {
                "Ref": "webapiFE47F609",
              },
              "/test-invoke-stage/*/*",
            ],
          ],
        },
      },
      "Type": "AWS::Lambda::Permission",
    },
  },
  "Rules": {
    "CheckBootstrapVersion": {
      "Assertions": [
        {
          "Assert": {
            "Fn::Not": [
              {
                "Fn::Contains": [
                  [
                    "1",
                    "2",
                    "3",
                    "4",
                    "5",
                  ],
                  {
                    "Ref": "BootstrapVersion",
                  },
                ],
              },
            ],
          },
          "AssertDescription": "CDK bootstrap stack version 6 required. Please run 'cdk bootstrap' with a recent version of the CDK CLI.",
        },
      ],
    },
  },
}
`;
